// Jest Snapshot v1, https://goo.gl/fbAQLP

exports[`should render NotFoundPage correctly 1`] = `
<div>
  <Link
    replace={false}
    to="/"
  >
    home
  </Link>
  <div>
    404 Not found page
  </div>
</div>
`;
