// Jest Snapshot v1, https://goo.gl/fbAQLP

exports[`should render ExpenseList with empty message 1`] = `
<div>
  <p>
    No expenses
  </p>
</div>
`;

exports[`should render ExpenseList with expense 1`] = `
<div>
  <ExpenseItem
    amount={23499}
    createdAt={0}
    description="rent"
    id="1"
    key="1"
    note="last month"
  />
  <ExpenseItem
    amount={10099}
    createdAt={345600000}
    description="dinner"
    id="2"
    key="2"
    note="this month"
  />
  <ExpenseItem
    amount={200099}
    createdAt={-345600000}
    description="pc"
    id="3"
    key="3"
    note="yesterday"
  />
</div>
`;
